[2026-04-21 21:03:21,596: INFO: main: Welcome to our custom logging]
[2026-04-22 17:26:11,660: INFO: common: yaml file: config\config.yaml loaded successfully]
[2026-04-22 17:26:11,662: INFO: common: yaml file: params.yaml loaded successfully]
[2026-04-22 17:26:56,083: INFO: common: yaml file: config\config.yaml loaded successfully]
[2026-04-22 17:26:56,087: INFO: common: yaml file: params.yaml loaded successfully]
[2026-04-22 17:29:23,662: INFO: common: yaml file: config\config.yaml loaded successfully]
[2026-04-22 17:29:23,665: INFO: common: yaml file: params.yaml loaded successfully]
[2026-04-23 12:54:28,944: INFO: common: yaml file: config\config.yaml loaded successfully]
[2026-04-23 12:54:28,948: INFO: common: yaml file: params.yaml loaded successfully]
[2026-04-23 12:59:03,974: INFO: common: yaml file: config\config.yaml loaded successfully]
[2026-04-23 12:59:03,976: INFO: common: yaml file: params.yaml loaded successfully]
[2026-04-23 12:59:06,146: INFO: common: yaml file: config\config.yaml loaded successfully]
[2026-04-23 12:59:06,148: INFO: common: yaml file: params.yaml loaded successfully]
[2026-04-23 14:05:01,216: INFO: common: yaml file: config\config.yaml loaded successfully]
[2026-04-23 14:05:01,219: INFO: common: yaml file: params.yaml loaded successfully]
[2026-04-23 14:05:01,221: INFO: common: created directory at: artifacts]
[2026-04-23 14:05:41,133: INFO: common: yaml file: config\config.yaml loaded successfully]
[2026-04-23 14:05:41,135: INFO: common: yaml file: params.yaml loaded successfully]
[2026-04-23 14:05:41,137: INFO: common: created directory at: artifacts]
[2026-04-23 14:05:41,138: INFO: common: created directory at: artifacts/data_ingestion]
[2026-04-23 14:33:40,923: INFO: common: yaml file: config\config.yaml loaded successfully]
[2026-04-23 14:33:40,926: INFO: common: yaml file: params.yaml loaded successfully]
[2026-04-23 14:33:40,928: INFO: common: created directory at: artifacts]
[2026-04-23 14:33:40,929: INFO: common: created directory at: artifacts/data_ingestion]
[2026-04-28 15:51:40,630: INFO: common: yaml file: config\config.yaml loaded successfully]
[2026-04-28 15:51:40,657: INFO: common: yaml file: params.yaml loaded successfully]
[2026-04-28 15:51:40,659: INFO: common: created directory at: artifacts]
[2026-04-28 15:52:04,122: INFO: common: yaml file: config\config.yaml loaded successfully]
[2026-04-28 15:52:04,125: INFO: common: yaml file: params.yaml loaded successfully]
[2026-04-28 15:52:04,127: INFO: common: created directory at: artifacts]
[2026-04-28 15:59:46,029: INFO: common: yaml file: config\config.yaml loaded successfully]
[2026-04-28 15:59:46,032: INFO: common: yaml file: params.yaml loaded successfully]
[2026-04-28 15:59:46,034: INFO: common: created directory at: artifacts]
[2026-04-28 15:59:46,036: INFO: common: created directory at: artifacts/data_ingestion]
[2026-04-28 16:01:41,630: INFO: common: yaml file: config\config.yaml loaded successfully]
[2026-04-28 16:01:41,634: INFO: common: yaml file: params.yaml loaded successfully]
[2026-04-28 16:01:41,636: INFO: common: created directory at: artifacts]
[2026-04-28 16:01:41,638: INFO: common: created directory at: artifacts/data_ingestion]
[2026-04-28 16:01:52,043: INFO: common: yaml file: config\config.yaml loaded successfully]
[2026-04-28 16:01:52,048: INFO: common: yaml file: params.yaml loaded successfully]
[2026-04-28 16:01:52,053: INFO: common: created directory at: artifacts]
[2026-04-28 16:01:52,057: INFO: common: created directory at: artifacts/data_ingestion]
[2026-04-28 16:03:50,392: INFO: common: yaml file: config\config.yaml loaded successfully]
[2026-04-28 16:03:50,396: INFO: common: yaml file: params.yaml loaded successfully]
[2026-04-28 16:03:50,398: INFO: common: created directory at: artifacts]
[2026-04-28 16:03:50,400: INFO: common: created directory at: artifacts/data_ingestion]
[2026-04-28 16:03:58,375: INFO: 1278336824: artifacts/data_ingestion/data.zip download! with following info: 
Connection: close
Content-Length: 7903594
Cache-Control: max-age=300
Content-Security-Policy: default-src 'none'; style-src 'unsafe-inline'; sandbox
Content-Type: application/zip
ETag: "dbc016a060da18070593b83afff580c9b300f0b6ea4147a7988433e04df246ca"
Strict-Transport-Security: max-age=31536000
X-Content-Type-Options: nosniff
X-Frame-Options: deny
X-XSS-Protection: 1; mode=block
X-GitHub-Request-Id: 9A5C:1AE941:B17984:1A0C7DD:69F08D0F
Accept-Ranges: bytes
Date: Tue, 28 Apr 2026 10:33:52 GMT
Via: 1.1 varnish
X-Served-By: cache-bom-vanm7210088-BOM
X-Cache: MISS
X-Cache-Hits: 0
X-Timer: S1777372432.589321,VS0,VE712
Vary: Authorization,Accept-Encoding
Access-Control-Allow-Origin: *
Cross-Origin-Resource-Policy: cross-origin
X-Fastly-Request-ID: 329afec13d729ca70cb56a96ac9c7df523a559fe
Expires: Tue, 28 Apr 2026 10:38:52 GMT
Source-Age: 0

]
[2026-04-28 17:00:41,514: INFO: main: >>>>>> stage Data Ingestion stage started <<<<<<]
[2026-04-28 17:00:41,533: INFO: common: yaml file: config\config.yaml loaded successfully]
[2026-04-28 17:00:41,534: INFO: common: yaml file: params.yaml loaded successfully]
[2026-04-28 17:00:41,535: INFO: common: created directory at: artifacts]
[2026-04-28 17:00:41,536: INFO: common: created directory at: artifacts/data_ingestion]
[2026-04-28 17:00:46,270: INFO: data_ingestion: artifacts/data_ingestion/data.zip download! with following info: 
Connection: close
Content-Length: 7903594
Cache-Control: max-age=300
Content-Security-Policy: default-src 'none'; style-src 'unsafe-inline'; sandbox
Content-Type: application/zip
ETag: "dbc016a060da18070593b83afff580c9b300f0b6ea4147a7988433e04df246ca"
Strict-Transport-Security: max-age=31536000
X-Content-Type-Options: nosniff
X-Frame-Options: deny
X-XSS-Protection: 1; mode=block
X-GitHub-Request-Id: 9A5C:1AE941:B17984:1A0C7DD:69F08D0F
Accept-Ranges: bytes
Date: Tue, 28 Apr 2026 11:30:42 GMT
Via: 1.1 varnish
X-Served-By: cache-bom-vanm7210090-BOM
X-Cache: HIT
X-Cache-Hits: 0
X-Timer: S1777375843.618429,VS0,VE247
Vary: Authorization,Accept-Encoding
Access-Control-Allow-Origin: *
Cross-Origin-Resource-Policy: cross-origin
X-Fastly-Request-ID: af972748045023c510d2907a23ce08a2a0b26e25
Expires: Tue, 28 Apr 2026 11:35:42 GMT
Source-Age: 0

]
[2026-04-28 17:00:46,400: INFO: main: >>>>>> stage Data Ingestion stage completed <<<<<<

x==========x]
[2026-05-04 13:52:01,724: INFO: common: yaml file: config\config.yaml loaded successfully]
[2026-05-04 13:52:01,746: INFO: common: yaml file: params.yaml loaded successfully]
[2026-05-04 13:52:01,750: INFO: common: created directory at: artifacts]
[2026-05-04 13:52:57,347: INFO: common: yaml file: config\config.yaml loaded successfully]
[2026-05-04 13:52:57,350: INFO: common: yaml file: params.yaml loaded successfully]
[2026-05-04 13:52:57,351: INFO: common: created directory at: artifacts]
[2026-05-04 13:57:12,936: INFO: common: yaml file: config\config.yaml loaded successfully]
[2026-05-04 13:57:12,939: INFO: common: yaml file: params.yaml loaded successfully]
[2026-05-04 13:57:12,940: INFO: common: created directory at: artifacts]
[2026-05-04 13:58:29,183: INFO: common: yaml file: config\config.yaml loaded successfully]
[2026-05-04 13:58:29,186: INFO: common: yaml file: params.yaml loaded successfully]
[2026-05-04 13:58:29,187: INFO: common: created directory at: artifacts]
[2026-05-04 14:08:31,405: INFO: common: yaml file: config\config.yaml loaded successfully]
[2026-05-04 14:08:31,408: INFO: common: yaml file: params.yaml loaded successfully]
[2026-05-04 14:08:31,409: INFO: common: created directory at: artifacts]
[2026-05-04 14:10:22,949: INFO: common: yaml file: config\config.yaml loaded successfully]
[2026-05-04 14:10:22,951: INFO: common: yaml file: params.yaml loaded successfully]
[2026-05-04 14:10:22,952: INFO: common: created directory at: artifacts]
[2026-05-04 14:12:51,645: INFO: common: yaml file: config\config.yaml loaded successfully]
[2026-05-04 14:12:51,646: INFO: common: yaml file: params.yaml loaded successfully]
[2026-05-04 14:12:51,648: INFO: common: created directory at: artifacts]
[2026-05-04 14:13:33,505: INFO: common: yaml file: config\config.yaml loaded successfully]
[2026-05-04 14:13:33,507: INFO: common: yaml file: params.yaml loaded successfully]
[2026-05-04 14:13:33,508: INFO: common: created directory at: artifacts]
[2026-05-04 14:22:20,971: INFO: common: yaml file: config\config.yaml loaded successfully]
[2026-05-04 14:22:20,973: INFO: common: yaml file: params.yaml loaded successfully]
[2026-05-04 14:22:20,975: INFO: common: created directory at: artifacts]
[2026-05-04 14:22:39,347: INFO: common: yaml file: config\config.yaml loaded successfully]
[2026-05-04 14:22:39,350: INFO: common: yaml file: params.yaml loaded successfully]
[2026-05-04 14:22:39,351: INFO: common: created directory at: artifacts]
[2026-05-04 14:23:45,849: INFO: common: yaml file: config\config.yaml loaded successfully]
[2026-05-04 14:23:45,851: INFO: common: yaml file: params.yaml loaded successfully]
[2026-05-04 14:23:45,853: INFO: common: created directory at: artifacts]
[2026-05-04 14:26:15,036: INFO: common: yaml file: config\config.yaml loaded successfully]
[2026-05-04 14:26:15,038: INFO: common: yaml file: params.yaml loaded successfully]
[2026-05-04 14:26:15,040: INFO: common: created directory at: artifacts]
[2026-05-04 14:26:15,041: INFO: common: created directory at: artifacts/data_validation]
[2026-05-05 13:07:02,154: INFO: main: >>>>>> stage Data Ingestion stage started <<<<<<]
[2026-05-05 13:07:02,172: INFO: common: yaml file: config\config.yaml loaded successfully]
[2026-05-05 13:07:02,180: INFO: common: yaml file: params.yaml loaded successfully]
[2026-05-05 13:07:02,180: INFO: common: created directory at: artifacts]
[2026-05-05 13:07:02,181: INFO: common: created directory at: artifacts/data_ingestion]
[2026-05-05 13:07:02,181: ERROR: main: "'ConfigBox' object has no attribute 'source_url'"]
Traceback (most recent call last):
  File "C:\Users\praba\anaconda3\Lib\site-packages\box\box.py", line 503, in __getitem__
    return super().__getitem__(item)
           ~~~~~~~~~~~~~~~~~~~^^^^^^
KeyError: 'source_URL'

The above exception was the direct cause of the following exception:

Traceback (most recent call last):
  File "C:\Users\praba\anaconda3\Lib\site-packages\box\box.py", line 536, in __getattr__
    value = self.__getitem__(item, _ignore_default=True)
  File "C:\Users\praba\anaconda3\Lib\site-packages\box\box.py", line 524, in __getitem__
    raise BoxKeyError(str(err)) from _exception_cause(err)
box.exceptions.BoxKeyError: "'source_URL'"

During handling of the above exception, another exception occurred:

Traceback (most recent call last):
  File "C:\Users\praba\anaconda3\Lib\site-packages\box\box.py", line 538, in __getattr__
    value = object.__getattribute__(self, item)
AttributeError: 'ConfigBox' object has no attribute 'source_URL'. Did you mean: 'source_Url'?

The above exception was the direct cause of the following exception:

Traceback (most recent call last):
  File "C:\Users\praba\anaconda3\Lib\site-packages\box\config_box.py", line 28, in __getattr__
    return super().__getattr__(item)
           ~~~~~~~~~~~~~~~~~~~^^^^^^
  File "C:\Users\praba\anaconda3\Lib\site-packages\box\box.py", line 552, in __getattr__
    raise BoxKeyError(str(err)) from _exception_cause(err)
box.exceptions.BoxKeyError: "'ConfigBox' object has no attribute 'source_URL'"

During handling of the above exception, another exception occurred:

Traceback (most recent call last):
  File "C:\Users\praba\anaconda3\Lib\site-packages\box\box.py", line 503, in __getitem__
    return super().__getitem__(item)
           ~~~~~~~~~~~~~~~~~~~^^^^^^
KeyError: 'source_url'

The above exception was the direct cause of the following exception:

Traceback (most recent call last):
  File "C:\Users\praba\anaconda3\Lib\site-packages\box\box.py", line 536, in __getattr__
    value = self.__getitem__(item, _ignore_default=True)
  File "C:\Users\praba\anaconda3\Lib\site-packages\box\box.py", line 524, in __getitem__
    raise BoxKeyError(str(err)) from _exception_cause(err)
box.exceptions.BoxKeyError: "'source_url'"

During handling of the above exception, another exception occurred:

Traceback (most recent call last):
  File "C:\Users\praba\anaconda3\Lib\site-packages\box\box.py", line 538, in __getattr__
    value = object.__getattribute__(self, item)
AttributeError: 'ConfigBox' object has no attribute 'source_url'. Did you mean: 'source_Url'?

The above exception was the direct cause of the following exception:

Traceback (most recent call last):
  File "C:\Users\praba\Documents\Prabal\Content-Summarizer\Text-Summarizer\main.py", line 10, in <module>
    data_ingestion.main()
    ~~~~~~~~~~~~~~~~~~~^^
  File "C:\Users\praba\Documents\Prabal\Content-Summarizer\Text-Summarizer\src\textSummarizer\pipeline\stage_01_data_ingestion.py", line 12, in main
    data_ingestion_config = config.get_data_ingestion_config()
  File "C:\Users\praba\Documents\Prabal\Content-Summarizer\Text-Summarizer\src\textSummarizer\config\configuration.py", line 27, in get_data_ingestion_config
    source_URL=config.source_URL,
               ^^^^^^^^^^^^^^^^^
  File "C:\Users\praba\anaconda3\Lib\site-packages\box\config_box.py", line 30, in __getattr__
    return super().__getattr__(item.lower())
           ~~~~~~~~~~~~~~~~~~~^^^^^^^^^^^^^^
  File "C:\Users\praba\anaconda3\Lib\site-packages\box\box.py", line 552, in __getattr__
    raise BoxKeyError(str(err)) from _exception_cause(err)
box.exceptions.BoxKeyError: "'ConfigBox' object has no attribute 'source_url'". Did you mean: 'source_Url'?
[2026-05-05 13:11:15,650: INFO: main: >>>>>> stage Data Ingestion stage started <<<<<<]
[2026-05-05 13:11:15,652: INFO: common: yaml file: config\config.yaml loaded successfully]
[2026-05-05 13:11:15,653: INFO: common: yaml file: params.yaml loaded successfully]
[2026-05-05 13:11:15,653: INFO: common: created directory at: artifacts]
[2026-05-05 13:11:15,654: INFO: common: created directory at: artifacts/data_ingestion]
[2026-05-05 13:11:15,654: ERROR: main: DataIngestionConfig.__init__() got an unexpected keyword argument 'source_URL'. Did you mean 'source_Url'?]
Traceback (most recent call last):
  File "C:\Users\praba\Documents\Prabal\Content-Summarizer\Text-Summarizer\main.py", line 10, in <module>
    data_ingestion.main()
    ~~~~~~~~~~~~~~~~~~~^^
  File "C:\Users\praba\Documents\Prabal\Content-Summarizer\Text-Summarizer\src\textSummarizer\pipeline\stage_01_data_ingestion.py", line 12, in main
    data_ingestion_config = config.get_data_ingestion_config()
  File "C:\Users\praba\Documents\Prabal\Content-Summarizer\Text-Summarizer\src\textSummarizer\config\configuration.py", line 25, in get_data_ingestion_config
    data_ingestion_config = DataIngestionConfig(
        root_dir=config.root_dir,
    ...<2 lines>...
        unzip_dir=config.unzip_dir
    )
TypeError: DataIngestionConfig.__init__() got an unexpected keyword argument 'source_URL'. Did you mean 'source_Url'?
[2026-05-05 13:15:54,478: INFO: main: >>>>>> stage Data Ingestion stage started <<<<<<]
[2026-05-05 13:15:54,480: INFO: common: yaml file: config\config.yaml loaded successfully]
[2026-05-05 13:15:54,481: INFO: common: yaml file: params.yaml loaded successfully]
[2026-05-05 13:15:54,482: INFO: common: created directory at: artifacts]
[2026-05-05 13:15:54,482: INFO: common: created directory at: artifacts/data_ingestion]
[2026-05-05 13:16:00,963: INFO: data_ingestion: artifacts/data_ingestion/data.zip download! with following info: 
Connection: close
Content-Length: 7903594
Cache-Control: max-age=300
Content-Security-Policy: default-src 'none'; style-src 'unsafe-inline'; sandbox
Content-Type: application/zip
ETag: "dbc016a060da18070593b83afff580c9b300f0b6ea4147a7988433e04df246ca"
Strict-Transport-Security: max-age=31536000
X-Content-Type-Options: nosniff
X-Frame-Options: deny
X-XSS-Protection: 1; mode=block
X-GitHub-Request-Id: F1D8:8AD63:118FC4:2E8F4E:69F9A033
Accept-Ranges: bytes
Date: Tue, 05 May 2026 07:45:56 GMT
Via: 1.1 varnish
X-Served-By: cache-bom-vanm7210094-BOM
X-Cache: MISS
X-Cache-Hits: 0
X-Timer: S1777967155.391185,VS0,VE1189
Vary: Authorization,Accept-Encoding
Access-Control-Allow-Origin: *
Cross-Origin-Resource-Policy: cross-origin
X-Fastly-Request-ID: b2fcdb1c224f974fd562689324524ec3248e3ec5
Expires: Tue, 05 May 2026 07:50:56 GMT
Source-Age: 1

]
[2026-05-05 13:16:01,096: INFO: main: >>>>>> stage Data Ingestion stage completed <<<<<<

x==========x]
[2026-05-05 13:16:01,096: INFO: main: >>>>>> stage Data Validation stage started <<<<<<]
[2026-05-05 13:16:01,098: INFO: common: yaml file: config\config.yaml loaded successfully]
[2026-05-05 13:16:01,098: INFO: common: yaml file: params.yaml loaded successfully]
[2026-05-05 13:16:01,099: INFO: common: created directory at: artifacts]
[2026-05-05 13:16:01,099: ERROR: main: 'ConfigurationManager' object has no attribute 'get_data_validation_config']
Traceback (most recent call last):
  File "C:\Users\praba\Documents\Prabal\Content-Summarizer\Text-Summarizer\main.py", line 21, in <module>
    data_validation.main()
    ~~~~~~~~~~~~~~~~~~~~^^
  File "C:\Users\praba\Documents\Prabal\Content-Summarizer\Text-Summarizer\src\textSummarizer\pipeline\stage_02_data_validation.py", line 12, in main
    data_validation_config = config.get_data_validation_config()
                             ^^^^^^^^^^^^^^^^^^^^^^^^^^^^^^^^^
AttributeError: 'ConfigurationManager' object has no attribute 'get_data_validation_config'. Did you mean: 'get_data_ingestion_config'?
[2026-05-05 13:39:17,312: INFO: main: >>>>>> stage Data Ingestion stage started <<<<<<]
[2026-05-05 13:39:17,318: INFO: common: yaml file: config\config.yaml loaded successfully]
[2026-05-05 13:39:17,319: INFO: common: yaml file: params.yaml loaded successfully]
[2026-05-05 13:39:17,319: INFO: common: created directory at: artifacts]
[2026-05-05 13:39:17,320: INFO: common: created directory at: artifacts/data_ingestion]
[2026-05-05 13:39:17,320: INFO: data_ingestion: File already exists of size: ~ 7718 KB]
[2026-05-05 13:39:17,454: INFO: main: >>>>>> stage Data Ingestion stage completed <<<<<<

x==========x]
[2026-05-05 13:39:17,455: INFO: main: >>>>>> stage Data Validation stage started <<<<<<]
[2026-05-05 13:39:17,457: INFO: common: yaml file: config\config.yaml loaded successfully]
[2026-05-05 13:39:17,458: INFO: common: yaml file: params.yaml loaded successfully]
[2026-05-05 13:39:17,458: INFO: common: created directory at: artifacts]
[2026-05-05 13:39:17,459: INFO: common: created directory at: artifacts/data_validation]
[2026-05-05 13:39:17,461: INFO: main: >>>>>> stage Data Validation stage completed <<<<<<

x==========x]
[2026-05-05 13:49:37,508: INFO: main: >>>>>> stage Data Ingestion stage started <<<<<<]
[2026-05-05 13:49:37,516: INFO: common: yaml file: config\config.yaml loaded successfully]
[2026-05-05 13:49:37,522: INFO: common: yaml file: params.yaml loaded successfully]
[2026-05-05 13:49:37,523: INFO: common: created directory at: artifacts]
[2026-05-05 13:49:37,523: INFO: common: created directory at: artifacts/data_ingestion]
[2026-05-05 13:49:37,523: INFO: data_ingestion: File already exists of size: ~ 7718 KB]
[2026-05-05 13:49:37,654: INFO: main: >>>>>> stage Data Ingestion stage completed <<<<<<

x==========x]
[2026-05-05 13:49:37,655: INFO: main: >>>>>> stage Data Validation stage started <<<<<<]
[2026-05-05 13:49:37,656: INFO: common: yaml file: config\config.yaml loaded successfully]
[2026-05-05 13:49:37,657: INFO: common: yaml file: params.yaml loaded successfully]
[2026-05-05 13:49:37,657: INFO: common: created directory at: artifacts]
[2026-05-05 13:49:37,658: INFO: common: created directory at: artifacts/data_validation]
[2026-05-05 13:49:37,660: INFO: main: >>>>>> stage Data Validation stage completed <<<<<<

x==========x]
[2026-05-05 15:59:07,386: INFO: common: yaml file: config\config.yaml loaded successfully]
[2026-05-05 15:59:07,446: INFO: common: yaml file: params.yaml loaded successfully]
[2026-05-05 15:59:07,453: INFO: common: created directory at: artifacts]
[2026-05-05 15:59:07,457: INFO: common: created directory at: artifacts/data_transformation]
[2026-05-05 15:59:08,357: INFO: _client: HTTP Request: HEAD https://huggingface.co/google/pegasus-cnn_dailymail/resolve/main/config.json "HTTP/1.1 307 Temporary Redirect"]
[2026-05-05 15:59:08,390: INFO: _client: HTTP Request: HEAD https://huggingface.co/api/resolve-cache/models/google/pegasus-cnn_dailymail/40d588fdab0cc077b80d950b300bf66ad3c75b92/config.json "HTTP/1.1 200 OK"]
[2026-05-05 15:59:08,447: INFO: _client: HTTP Request: GET https://huggingface.co/api/resolve-cache/models/google/pegasus-cnn_dailymail/40d588fdab0cc077b80d950b300bf66ad3c75b92/config.json "HTTP/1.1 200 OK"]
[2026-05-05 15:59:09,050: INFO: _client: HTTP Request: HEAD https://huggingface.co/google/pegasus-cnn_dailymail/resolve/main/tokenizer_config.json "HTTP/1.1 307 Temporary Redirect"]
[2026-05-05 15:59:09,054: WARNING: _http: Warning: You are sending unauthenticated requests to the HF Hub. Please set a HF_TOKEN to enable higher rate limits and faster downloads.]
[2026-05-05 15:59:09,075: INFO: _client: HTTP Request: HEAD https://huggingface.co/api/resolve-cache/models/google/pegasus-cnn_dailymail/40d588fdab0cc077b80d950b300bf66ad3c75b92/tokenizer_config.json "HTTP/1.1 200 OK"]
[2026-05-05 15:59:09,107: INFO: _client: HTTP Request: GET https://huggingface.co/api/resolve-cache/models/google/pegasus-cnn_dailymail/40d588fdab0cc077b80d950b300bf66ad3c75b92/tokenizer_config.json "HTTP/1.1 200 OK"]
[2026-05-05 15:59:09,821: INFO: _client: HTTP Request: GET https://huggingface.co/api/models/google/pegasus-cnn_dailymail/tree/main/additional_chat_templates?recursive=false&expand=false "HTTP/1.1 404 Not Found"]
[2026-05-05 15:59:10,094: INFO: _client: HTTP Request: GET https://huggingface.co/api/models/google/pegasus-cnn_dailymail/tree/main?recursive=true&expand=false "HTTP/1.1 200 OK"]
[2026-05-05 15:59:10,351: INFO: _client: HTTP Request: HEAD https://huggingface.co/google/pegasus-cnn_dailymail/resolve/main/spiece.model "HTTP/1.1 307 Temporary Redirect"]
[2026-05-05 15:59:10,372: INFO: _client: HTTP Request: HEAD https://huggingface.co/api/resolve-cache/models/google/pegasus-cnn_dailymail/40d588fdab0cc077b80d950b300bf66ad3c75b92/spiece.model "HTTP/1.1 200 OK"]
[2026-05-05 15:59:10,392: INFO: _client: HTTP Request: GET https://huggingface.co/api/resolve-cache/models/google/pegasus-cnn_dailymail/40d588fdab0cc077b80d950b300bf66ad3c75b92/spiece.model "HTTP/1.1 200 OK"]
[2026-05-05 15:59:11,251: INFO: _client: HTTP Request: HEAD https://huggingface.co/google/pegasus-cnn_dailymail/resolve/main/tokenizer.json "HTTP/1.1 404 Not Found"]
[2026-05-05 15:59:11,502: INFO: _client: HTTP Request: HEAD https://huggingface.co/google/pegasus-cnn_dailymail/resolve/main/added_tokens.json "HTTP/1.1 404 Not Found"]
[2026-05-05 15:59:11,751: INFO: _client: HTTP Request: HEAD https://huggingface.co/google/pegasus-cnn_dailymail/resolve/main/special_tokens_map.json "HTTP/1.1 307 Temporary Redirect"]
[2026-05-05 15:59:11,775: INFO: _client: HTTP Request: HEAD https://huggingface.co/api/resolve-cache/models/google/pegasus-cnn_dailymail/40d588fdab0cc077b80d950b300bf66ad3c75b92/special_tokens_map.json "HTTP/1.1 200 OK"]
[2026-05-05 15:59:11,801: INFO: _client: HTTP Request: GET https://huggingface.co/api/resolve-cache/models/google/pegasus-cnn_dailymail/40d588fdab0cc077b80d950b300bf66ad3c75b92/special_tokens_map.json "HTTP/1.1 200 OK"]
[2026-05-05 15:59:12,051: INFO: _client: HTTP Request: HEAD https://huggingface.co/google/pegasus-cnn_dailymail/resolve/main/chat_template.jinja "HTTP/1.1 404 Not Found"]
[2026-05-05 16:00:55,263: INFO: common: yaml file: config\config.yaml loaded successfully]
[2026-05-05 16:00:55,268: INFO: common: yaml file: params.yaml loaded successfully]
[2026-05-05 16:00:55,271: INFO: common: created directory at: artifacts]
[2026-05-05 16:00:55,274: INFO: common: created directory at: artifacts/data_transformation]
[2026-05-05 16:00:55,648: INFO: _client: HTTP Request: HEAD https://huggingface.co/google/pegasus-cnn_dailymail/resolve/main/config.json "HTTP/1.1 307 Temporary Redirect"]
[2026-05-05 16:00:55,669: INFO: _client: HTTP Request: HEAD https://huggingface.co/api/resolve-cache/models/google/pegasus-cnn_dailymail/40d588fdab0cc077b80d950b300bf66ad3c75b92/config.json "HTTP/1.1 200 OK"]
[2026-05-05 16:00:55,941: INFO: _client: HTTP Request: HEAD https://huggingface.co/google/pegasus-cnn_dailymail/resolve/main/tokenizer_config.json "HTTP/1.1 307 Temporary Redirect"]
[2026-05-05 16:00:55,959: INFO: _client: HTTP Request: HEAD https://huggingface.co/api/resolve-cache/models/google/pegasus-cnn_dailymail/40d588fdab0cc077b80d950b300bf66ad3c75b92/tokenizer_config.json "HTTP/1.1 200 OK"]
[2026-05-05 16:00:56,211: INFO: _client: HTTP Request: GET https://huggingface.co/api/models/google/pegasus-cnn_dailymail/tree/main/additional_chat_templates?recursive=false&expand=false "HTTP/1.1 404 Not Found"]
[2026-05-05 16:00:56,607: INFO: _client: HTTP Request: GET https://huggingface.co/api/models/google/pegasus-cnn_dailymail/tree/main?recursive=true&expand=false "HTTP/1.1 200 OK"]
[2026-05-05 16:06:23,275: INFO: common: yaml file: config\config.yaml loaded successfully]
[2026-05-05 16:06:23,408: INFO: common: yaml file: params.yaml loaded successfully]
[2026-05-05 16:06:23,445: INFO: common: created directory at: artifacts]
[2026-05-05 16:06:23,549: INFO: common: created directory at: artifacts/data_transformation]
[2026-05-05 16:06:26,617: INFO: _client: HTTP Request: HEAD https://huggingface.co/google/pegasus-cnn_dailymail/resolve/main/config.json "HTTP/1.1 307 Temporary Redirect"]
[2026-05-05 16:06:26,826: INFO: _client: HTTP Request: HEAD https://huggingface.co/api/resolve-cache/models/google/pegasus-cnn_dailymail/40d588fdab0cc077b80d950b300bf66ad3c75b92/config.json "HTTP/1.1 200 OK"]
[2026-05-05 16:06:27,773: INFO: _client: HTTP Request: HEAD https://huggingface.co/google/pegasus-cnn_dailymail/resolve/main/tokenizer_config.json "HTTP/1.1 307 Temporary Redirect"]
[2026-05-05 16:06:27,816: INFO: _client: HTTP Request: HEAD https://huggingface.co/api/resolve-cache/models/google/pegasus-cnn_dailymail/40d588fdab0cc077b80d950b300bf66ad3c75b92/tokenizer_config.json "HTTP/1.1 200 OK"]
[2026-05-05 16:06:28,395: INFO: _client: HTTP Request: GET https://huggingface.co/api/models/google/pegasus-cnn_dailymail/tree/main/additional_chat_templates?recursive=false&expand=false "HTTP/1.1 404 Not Found"]
[2026-05-05 16:06:28,696: INFO: _client: HTTP Request: GET https://huggingface.co/api/models/google/pegasus-cnn_dailymail/tree/main?recursive=true&expand=false "HTTP/1.1 200 OK"]
[2026-05-05 16:21:45,554: INFO: main: >>>>>> stage Data Ingestion stage started <<<<<<]
[2026-05-05 16:21:45,558: INFO: common: yaml file: config\config.yaml loaded successfully]
[2026-05-05 16:21:45,559: INFO: common: yaml file: params.yaml loaded successfully]
[2026-05-05 16:21:45,560: INFO: common: created directory at: artifacts]
[2026-05-05 16:21:45,560: INFO: common: created directory at: artifacts/data_ingestion]
[2026-05-05 16:21:56,016: INFO: data_ingestion: artifacts/data_ingestion/data.zip download! with following info: 
Connection: close
Content-Length: 7903594
Cache-Control: max-age=300
Content-Security-Policy: default-src 'none'; style-src 'unsafe-inline'; sandbox
Content-Type: application/zip
ETag: "dbc016a060da18070593b83afff580c9b300f0b6ea4147a7988433e04df246ca"
Strict-Transport-Security: max-age=31536000
X-Content-Type-Options: nosniff
X-Frame-Options: deny
X-XSS-Protection: 1; mode=block
X-GitHub-Request-Id: 923E:5DF9C:163E8F:37CE27:69F9CBBC
Accept-Ranges: bytes
Date: Tue, 05 May 2026 10:51:47 GMT
Via: 1.1 varnish
X-Served-By: cache-bom-vanm7210042-BOM
X-Cache: MISS
X-Cache-Hits: 0
X-Timer: S1777978306.409726,VS0,VE615
Vary: Authorization,Accept-Encoding
Access-Control-Allow-Origin: *
Cross-Origin-Resource-Policy: cross-origin
X-Fastly-Request-ID: 879124c7271dea1e3cadd30abf4fc07a8a23aa23
Expires: Tue, 05 May 2026 10:56:47 GMT
Source-Age: 0

]
[2026-05-05 16:21:56,161: INFO: main: >>>>>> stage Data Ingestion stage completed <<<<<<

x==========x]
[2026-05-05 16:21:56,161: INFO: main: >>>>>> stage Data Validation stage started <<<<<<]
[2026-05-05 16:21:56,163: INFO: common: yaml file: config\config.yaml loaded successfully]
[2026-05-05 16:21:56,164: INFO: common: yaml file: params.yaml loaded successfully]
[2026-05-05 16:21:56,164: INFO: common: created directory at: artifacts]
[2026-05-05 16:21:56,165: INFO: common: created directory at: artifacts/data_validation]
[2026-05-05 16:21:56,167: INFO: main: >>>>>> stage Data Validation stage completed <<<<<<

x==========x]
[2026-05-05 16:21:56,168: INFO: main: >>>>>> stage Data Transformation stage started <<<<<<]
[2026-05-05 16:21:56,170: INFO: common: yaml file: config\config.yaml loaded successfully]
[2026-05-05 16:21:56,170: INFO: common: yaml file: params.yaml loaded successfully]
[2026-05-05 16:21:56,171: INFO: common: created directory at: artifacts]
[2026-05-05 16:21:56,172: INFO: common: created directory at: artifacts/data_transformation]
[2026-05-05 16:21:56,735: INFO: _client: HTTP Request: HEAD https://huggingface.co/google/pegasus-cnn_dailymail/resolve/main/config.json "HTTP/1.1 307 Temporary Redirect"]
[2026-05-05 16:21:56,753: INFO: _client: HTTP Request: HEAD https://huggingface.co/api/resolve-cache/models/google/pegasus-cnn_dailymail/40d588fdab0cc077b80d950b300bf66ad3c75b92/config.json "HTTP/1.1 200 OK"]
[2026-05-05 16:21:57,011: INFO: _client: HTTP Request: HEAD https://huggingface.co/google/pegasus-cnn_dailymail/resolve/main/tokenizer_config.json "HTTP/1.1 307 Temporary Redirect"]
[2026-05-05 16:21:57,012: WARNING: _http: Warning: You are sending unauthenticated requests to the HF Hub. Please set a HF_TOKEN to enable higher rate limits and faster downloads.]
[2026-05-05 16:21:57,025: INFO: _client: HTTP Request: HEAD https://huggingface.co/api/resolve-cache/models/google/pegasus-cnn_dailymail/40d588fdab0cc077b80d950b300bf66ad3c75b92/tokenizer_config.json "HTTP/1.1 200 OK"]
[2026-05-05 16:21:57,283: INFO: _client: HTTP Request: GET https://huggingface.co/api/models/google/pegasus-cnn_dailymail/tree/main/additional_chat_templates?recursive=false&expand=false "HTTP/1.1 404 Not Found"]
[2026-05-05 16:21:57,541: INFO: _client: HTTP Request: GET https://huggingface.co/api/models/google/pegasus-cnn_dailymail/tree/main?recursive=true&expand=false "HTTP/1.1 200 OK"]
[2026-05-05 16:22:02,109: INFO: main: >>>>>> stage Data Transformation stage completed <<<<<<

x==========x]
